Archive member included because of file (symbol)

arch/arm/lib/lib.a(ashldi3.o)
                              arch/arm/kernel/built-in.o (__ashldi3)
arch/arm/lib/lib.a(ashrdi3.o)
                              arch/arm/kernel/built-in.o (__ashrdi3)
arch/arm/lib/lib.a(backtrace.o)
                              arch/arm/kernel/built-in.o (__backtrace)
arch/arm/lib/lib.a(changebit.o)
                              arch/arm/kernel/built-in.o (_change_bit_le)
arch/arm/lib/lib.a(clear_user.o)
                              arch/arm/kernel/built-in.o (__clear_user)
arch/arm/lib/lib.a(clearbit.o)
                              arch/arm/kernel/built-in.o (_clear_bit_le)
arch/arm/lib/lib.a(copy_from_user.o)
                              arch/arm/kernel/built-in.o (__copy_from_user)
arch/arm/lib/lib.a(copy_page.o)
                              arch/arm/kernel/built-in.o (copy_page)
arch/arm/lib/lib.a(copy_to_user.o)
                              arch/arm/kernel/built-in.o (__copy_to_user)
arch/arm/lib/lib.a(csumipv6.o)
                              arch/arm/kernel/built-in.o (__csum_ipv6_magic)
arch/arm/lib/lib.a(csumpartial.o)
                              arch/arm/kernel/built-in.o (csum_partial)
arch/arm/lib/lib.a(csumpartialcopy.o)
                              arch/arm/kernel/built-in.o (csum_partial_copy_nocheck)
arch/arm/lib/lib.a(csumpartialcopyuser.o)
                              arch/arm/kernel/built-in.o (csum_partial_copy_from_user)
arch/arm/lib/lib.a(delay.o)   arch/arm/kernel/built-in.o (__udelay)
arch/arm/lib/lib.a(div64.o)   arch/arm/kernel/built-in.o (__do_div64)
arch/arm/lib/lib.a(findbit.o)
                              arch/arm/kernel/built-in.o (_find_first_zero_bit_le)
arch/arm/lib/lib.a(getuser.o)
                              arch/arm/kernel/built-in.o (__get_user_1)
arch/arm/lib/lib.a(io-readsb.o)
                              arch/arm/kernel/built-in.o (__raw_readsb)
arch/arm/lib/lib.a(io-readsl.o)
                              arch/arm/kernel/built-in.o (__raw_readsl)
arch/arm/lib/lib.a(io-readsw-armv4.o)
                              arch/arm/kernel/built-in.o (__raw_readsw)
arch/arm/lib/lib.a(io-writesb.o)
                              arch/arm/kernel/built-in.o (__raw_writesb)
arch/arm/lib/lib.a(io-writesl.o)
                              arch/arm/kernel/built-in.o (__raw_writesl)
arch/arm/lib/lib.a(io-writesw-armv4.o)
                              arch/arm/kernel/built-in.o (__raw_writesw)
arch/arm/lib/lib.a(lib1funcs.o)
                              arch/arm/kernel/built-in.o (__udivsi3)
arch/arm/lib/lib.a(lshrdi3.o)
                              arch/arm/kernel/built-in.o (__lshrdi3)
arch/arm/lib/lib.a(memchr.o)  arch/arm/kernel/built-in.o (memchr)
arch/arm/lib/lib.a(memcpy.o)  init/built-in.o (memcpy)
arch/arm/lib/lib.a(memmove.o)
                              init/built-in.o (memmove)
arch/arm/lib/lib.a(memset.o)  init/built-in.o (memset)
arch/arm/lib/lib.a(memzero.o)
                              init/built-in.o (__memzero)
arch/arm/lib/lib.a(muldi3.o)  arch/arm/kernel/built-in.o (__muldi3)
arch/arm/lib/lib.a(putuser.o)
                              arch/arm/kernel/built-in.o (__put_user_1)
arch/arm/lib/lib.a(setbit.o)  arch/arm/kernel/built-in.o (_set_bit_le)
arch/arm/lib/lib.a(sha1.o)    arch/arm/kernel/built-in.o (sha_transform)
arch/arm/lib/lib.a(strchr.o)  init/built-in.o (strchr)
arch/arm/lib/lib.a(strncpy_from_user.o)
                              arch/arm/kernel/built-in.o (__strncpy_from_user)
arch/arm/lib/lib.a(strnlen_user.o)
                              arch/arm/kernel/built-in.o (__strnlen_user)
arch/arm/lib/lib.a(strrchr.o)
                              arch/arm/kernel/built-in.o (strrchr)
arch/arm/lib/lib.a(testchangebit.o)
                              arch/arm/kernel/built-in.o (_test_and_change_bit_le)
arch/arm/lib/lib.a(testclearbit.o)
                              arch/arm/kernel/built-in.o (_test_and_clear_bit_le)
arch/arm/lib/lib.a(testsetbit.o)
                              arch/arm/kernel/built-in.o (_test_and_set_bit_le)
arch/arm/lib/lib.a(ucmpdi2.o)
                              arch/arm/kernel/built-in.o (__ucmpdi2)
lib/lib.a(argv_split.o)       kernel/built-in.o (argv_free)
lib/lib.a(cmdline.o)          arch/arm/kernel/built-in.o (memparse)
lib/lib.a(ctype.o)            init/built-in.o (_ctype)
lib/lib.a(dec_and_lock.o)     kernel/built-in.o (_atomic_dec_and_lock)
lib/lib.a(extable.o)          kernel/built-in.o (sort_extable)
lib/lib.a(idr.o)              kernel/built-in.o (idr_init)
lib/lib.a(int_sqrt.o)         mm/built-in.o (int_sqrt)
lib/lib.a(irq_regs.o)         arch/arm/kernel/built-in.o (per_cpu____irq_regs)
lib/lib.a(kobject.o)          fs/built-in.o (kobject_init)
lib/lib.a(kobject_uevent.o)   fs/built-in.o (add_uevent_var)
lib/lib.a(kref.o)             fs/built-in.o (kref_init)
lib/lib.a(prio_heap.o)        kernel/built-in.o (heap_init)
lib/lib.a(prio_tree.o)        init/built-in.o (prio_tree_init)
[...]
Memory Configuration

Name             Origin             Length             Attributes
*default*        0x0000000000000000 0xffffffffffffffff

Linker script and memory map

                0x00000000c033dce0                jiffies = jiffies_64

.note.gnu.build-id
                0x0000000000000000       0x24
 .note.gnu.build-id
                0x0000000000000000       0x24 linker stubs
                0x00000000c0008000                . = 0xc0008000

.text.head      0x00000000c0008000      0x240
                0x00000000c0008000                _stext = .
                0x00000000c0008000                _sinittext = .
 *(.text.head)
 .text.head     0x00000000c0008000      0x240 arch/arm/kernel/head.o
                0x00000000c0008000                stext
                0x00000000c0008198                lookup_processor_type
                0x00000000c00081f4                lookup_machine_type

.init           0x00000000c0008240    0x1edc0
 *(.init.text)
 .init.text     0x00000000c0008240     0x5954 init/built-in.o
                0x00000000c000861c                parse_early_param
                0x00000000c0008684                smp_setup_processor_id
                0x00000000c0008694                thread_info_cache_init
                0x00000000c00086a4                start_kernel
                0x00000000c0008b60                mount_block_root
                0x00000000c0008dec                change_floppy
                0x00000000c0008ed4                mount_root
                0x00000000c0008f3c                prepare_namespace
                0x00000000c000a438                rd_load_image
                0x00000000c000b254                rd_load_disk
                0x00000000c000b3b0                initrd_load
 *fill*         0x00000000c000db94        0xc 00
 .init.text     0x00000000c000dba0     0x1024 arch/arm/kernel/built-in.o
                0x00000000c000dba0                convert_to_tag_list
                0x00000000c000dd1c                squash_mem_tags
                0x00000000c000dd60                __kuser_helper_start
                0x00000000c000ddc0                __kuser_helper_end
                0x00000000c000ddc0                __stubs_start
                0x00000000c000dfe4                __stubs_end
                0x00000000c000dfe4                __vectors_start
                0x00000000c000e004                __vectors_end
                0x00000000c000e020                init_IRQ
                0x00000000c000e0a8                reboot_setup
                0x00000000c000e428                setup_arch
                0x00000000c000eac4                time_init
                0x00000000c000eae8                trap_init
                0x00000000c000eaf8                early_trap_init
 .init.text     0x00000000c000ebc4     0x15d0 arch/arm/mm/built-in.o
                0x00000000c000ec8c                hook_fault_code
                0x00000000c000ed94                bootmem_init
                0x00000000c000f114                mem_init
                0x00000000c000f324                check_writebuffer_bugs
                0x00000000c000f6d4                create_mapping
                0x00000000c000fa20                iotable_init
                0x00000000c000fa58                reserve_node_zero
                0x00000000c000faa4                paging_init
 .init.text     0x00000000c0010194      0x148 arch/arm/mach-goldfish/built-in.o
 .init.text     0x00000000c00102dc      0x16c arch/arm/vfp/built-in.o
                0x00000000c0010438                vfp_testing_entry
 .init.text     0x00000000c0010448     0x22f8 kernel/built-in.o
                0x00000000c00104e0                sched_init_smp
                0x00000000c0010520                sched_init
                0x00000000c00107f8                fork_init
                0x00000000c001088c                proc_caches_init
                0x00000000c0010c70                softirq_init
                0x00000000c0010ce4                arch_early_irq_init
                0x00000000c0010f94                reserve_region_with_split
                0x00000000c0010fcc                init_timers
                0x00000000c00110f0                signals_init
                0x00000000c0011134                usermodehelper_init
                0x00000000c0011190                init_workqueues
                0x00000000c0011210                pidhash_init
                0x00000000c00112b8                pidmap_init
                0x00000000c0011344                rcu_init
                0x00000000c0011358                sort_main_extable
                0x00000000c0011794                hrtimers_init
                0x00000000c0011980                cred_init
                0x00000000c0011a64                timekeeping_init
                0x00000000c0011b98                ntp_init
                0x00000000c0011d40                tick_init
                0x00000000c001229c                cgroup_init_early
                0x00000000c0012490                cgroup_init
                0x00000000c00125b4                early_irq_init
                0x00000000c0012664                set_irq_noprobe
                0x00000000c00126b0                set_irq_probe
                0x00000000c00126fc                __rcu_init
 .init.text     0x00000000c0012740     0x1f24 mm/built-in.o
                0x00000000c0012f8c                bootmem_bootmap_pages
                0x00000000c00131ac                init_bootmem_node
                0x00000000c00131c4                init_bootmem
                0x00000000c0013204                free_all_bootmem_node
                0x00000000c0013230                free_all_bootmem
                0x00000000c0013264                free_bootmem_node
                0x00000000c00132a0                free_bootmem
                0x00000000c00132d0                reserve_bootmem_node
                0x00000000c001330c                reserve_bootmem
                0x00000000c001333c                __alloc_bootmem_nopanic
                0x00000000c0013354                __alloc_bootmem
                0x00000000c0013394                __alloc_bootmem_node
                0x00000000c0013408                __alloc_bootmem_node_nopanic
                0x00000000c0013454                __alloc_bootmem_low
                0x00000000c0013494                __alloc_bootmem_low_node
                0x00000000c0013508                set_dma_reserve
                0x00000000c0013524                page_alloc_init
                0x00000000c00135c8                free_area_init_node
                0x00000000c00138e8                free_area_init
                0x00000000c001390c                alloc_large_system_hash
                0x00000000c0013b40                page_writeback_init
                0x00000000c0013bf8                swap_setup
                0x00000000c0013e88                mminit_verify_pageflags_layout
                0x00000000c0013fcc                mmap_init
                0x00000000c001400c                anon_vma_init
                0x00000000c0014094                vmalloc_init
                0x00000000c001433c                kmem_cache_init
 .init.text     0x00000000c0014664     0x1a90 fs/built-in.o
                0x00000000c0014664                files_init
                0x00000000c00146dc                chrdev_init
                0x00000000c00147f8                vfs_caches_init_early
                0x00000000c0014888                vfs_caches_init
                0x00000000c00149e8                inode_init_early
                0x00000000c0014a74                inode_init
                0x00000000c0014b38                files_defer_init
                0x00000000c0014be4                mnt_init
                0x00000000c0014de0                buffer_init
                0x00000000c0014f3c                bdev_cache_init
                0x00000000c0015444                proc_init_inodecache
                0x00000000c001548c                proc_root_init
                0x00000000c0015558                proc_tty_init
                0x00000000c0015840                proc_sys_init
                0x00000000c001591c                proc_net_init
                0x00000000c00159f0                sysfs_inode_init
                0x00000000c0015a0c                sysfs_init
                0x00000000c0015b34                init_rootfs
                0x00000000c0015b78                fat_cache_init
                0x00000000c0015e38                fuse_dev_init
                0x00000000c0015ff4                fuse_ctl_init
 .init.text     0x00000000c00160f4      0x188 ipc/built-in.o
                0x00000000c0016120                ipc_init_proc_interface
                0x00000000c0016194                msg_init
                0x00000000c00161e4                sem_init
                0x00000000c0016220                shm_init
 .init.text     0x00000000c001627c      0x358 crypto/built-in.o
                0x00000000c0016294                crypto_init_proc
                0x00000000c001633c                testmgr_init
 .init.text     0x00000000c00165d4      0x56c block/built-in.o
                0x00000000c0016624                blk_dev_init
                0x00000000c001686c                printk_all_partitions
 .init.text     0x00000000c0016b40       0x40 lib/lib.a(idr.o)
                0x00000000c0016b40                idr_init_cache
 .init.text     0x00000000c0016b80       0x64 lib/lib.a(kobject_uevent.o)
 .init.text     0x00000000c0016be4       0x48 lib/lib.a(prio_tree.o)
                0x00000000c0016be4                prio_tree_init
 .init.text     0x00000000c0016c2c       0x80 lib/lib.a(radix-tree.o)
                0x00000000c0016c2c                radix_tree_init
 .init.text     0x00000000c0016cac      0x16c lib/built-in.o
 .init.text     0x00000000c0016e18     0x2cf0 drivers/built-in.o
                0x00000000c00171a8                console_init
                0x00000000c00174e0                vcs_init
                0x00000000c0017584                kbd_init
                0x00000000c001767c                console_map_init
                0x00000000c0017a34                vty_init
                0x00000000c0017c70                devices_init
                0x00000000c0017d2c                system_bus_init
                0x00000000c0017d74                buses_init
                0x00000000c0017db4                classes_init
                0x00000000c0017df0                platform_bus_init
                0x00000000c0017e34                cpu_dev_init
                0x00000000c0017e88                firmware_init
                0x00000000c0017ec0                driver_init
                0x00000000c0019068                rtc_dev_init
                0x00000000c00190b0                rtc_sysfs_init
                0x00000000c0019304                dm_target_init
                0x00000000c0019320                dm_linear_init
                0x00000000c0019358                dm_stripe_init
                0x00000000c00193e4                dm_interface_init
                0x00000000c00194a4                dm_kcopyd_init
 .init.text     0x00000000c0019b08     0x7744 net/built-in.o
                0x00000000c0019bd4                sk_init
                0x00000000c0019c30                skb_init
                0x00000000c001a0f4                netdev_boot_setup
                0x00000000c001a220                dev_mcast_init
                0x00000000c001a23c                dst_init
                0x00000000c001a2e4                rtnetlink_init
                0x00000000c001a81c                netfilter_init
                0x00000000c001a8d0                netfilter_log_init
                0x00000000c001a920                netfilter_queue_init
                0x00000000c001bcd0                ip_rt_init
                0x00000000c001be30                ip_static_sysctl_init
                0x00000000c001be54                inet_initpeers
                0x00000000c001bf24                ipfrag_init
                0x00000000c001bfb4                ip_init
                0x00000000c001c014                tcp_init
                0x00000000c001c2f8                tcp4_proc_init
                0x00000000c001c314                tcp_v4_init
                0x00000000c001c39c                raw_proc_init
                0x00000000c001c3b8                raw_proc_exit
                0x00000000c001c3d4                udp4_proc_init
                0x00000000c001c3f0                udp_table_init
                0x00000000c001c41c                udp_init
                0x00000000c001c490                udplite4_register
                0x00000000c001c558                arp_init
                0x00000000c001c680                icmp_init
                0x00000000c001c808                devinet_init
                0x00000000c001cbd4                igmp_mc_proc_init
                0x00000000c001cd24                ip_fib_init
                0x00000000c001cf10                fib_hash_init
                0x00000000c001cf74                fib_proc_init
                0x00000000c001d048                ip_misc_proc_init
                0x00000000c001d064                ip_mr_init
                0x00000000c001dd04                root_nfs_parse_addr
                0x00000000c001ec8c                nf_conntrack_ipv4_compat_init
                0x00000000c001f400                nf_nat_rule_init
                0x00000000c001f840                xfrm4_init
                0x00000000c001f860                xfrm4_state_init
                0x00000000c001f9d0                xfrm_init
                0x00000000c001f9f0                xfrm_state_init
                0x00000000c001facc                xfrm_input_init
                0x00000000c001fb0c                xfrm_sysctl_init
                0x00000000c001ff88                if6_proc_init
                0x00000000c001ffa4                addrconf_init
                0x00000000c0020150                ipv6_addr_label_init
                0x00000000c002016c                ipv6_addr_label_rtnl_register
                0x00000000c00201c8                ip6_route_init
                0x00000000c0020328                fib6_init
                0x00000000c00203c4                ndisc_init
                0x00000000c0020468                udpv6_init
                0x00000000c00204b8                udplitev6_init
                0x00000000c0020508                udplite6_proc_init
                0x00000000c0020524                raw6_proc_init
                0x00000000c0020540                rawv6_init
                0x00000000c00205fc                icmpv6_init
                0x00000000c0020658                igmp6_init
                0x00000000c0020674                ipv6_frag_init
                0x00000000c0020754                tcpv6_init
                0x00000000c00207c0                ipv6_exthdrs_init
                0x00000000c0020838                xfrm6_init
                0x00000000c0020878                xfrm6_state_init
                0x00000000c0020894                ipv6_netfilter_init
                0x00000000c00208b0                ipv6_misc_proc_init
                0x00000000c0020fc8                br_fdb_init
                0x00000000c0021028                br_netlink_init
                0x00000000c002107c                rpcauth_init_module
                0x00000000c00210a0                rpc_init_authunix
                0x00000000c00210b0                rpc_init_generic_auth
                0x00000000c00211dc                vlan_netlink_init
 *(.cpuinit.text)
 .cpuinit.text  0x00000000c002124c      0x16c init/built-in.o
                0x00000000c002124c                calibrate_delay
 .cpuinit.text  0x00000000c00213b8      0x4b0 kernel/built-in.o
                0x00000000c00213b8                init_idle_bootup_task
                0x00000000c00213d4                init_idle
                0x00000000c00214a4                idle_regs
                0x00000000c00214c4                fork_idle
 .cpuinit.text  0x00000000c0021868       0x44 drivers/built-in.o
                0x00000000c0021868                register_cpu
 *(.meminit.text)
 .meminit.text  0x00000000c00218ac      0x344 mm/built-in.o
                0x00000000c00218ac                init_currently_empty_zone
                0x00000000c00219ac                __free_pages_bootmem
                0x00000000c0021a68                memmap_init_zone
                0x00000000c0021b94                mminit_verify_page_links
                0x00000000c0021bf0                _einittext = .
                0x00000000c0021bf0                __proc_info_begin = .
 *(.proc.info.init)
 .proc.info.init
                0x00000000c0021bf0       0x34 arch/arm/mm/built-in.o
                0x00000000c0021c24                __proc_info_end = .
                0x00000000c0021c24                __arch_info_begin = .
 *(.arch.info.init)
 .arch.info.init
                0x00000000c0021c24       0x34 arch/arm/mach-goldfish/built-in.o
                0x00000000c0021c58                __arch_info_end = .
                0x00000000c0021c58                __tagtable_begin = .
 *(.taglist.init)
 .taglist.init  0x00000000c0021c58       0x38 arch/arm/kernel/built-in.o
 .taglist.init  0x00000000c0021c90       0x10 arch/arm/mm/built-in.o
                0x00000000c0021ca0                __tagtable_end = .
                0x00000000c0021ca0                . = ALIGN (0x10)
                0x00000000c0021ca0                __setup_start = .
 *(.init.setup)
 .init.setup    0x00000000c0021ca0       0xe4 init/built-in.o
 .init.setup    0x00000000c0021d84       0x24 arch/arm/kernel/built-in.o
 .init.setup    0x00000000c0021da8       0x18 arch/arm/mm/built-in.o
 .init.setup    0x00000000c0021dc0       0xd8 kernel/built-in.o
 .init.setup    0x00000000c0021e98       0x30 mm/built-in.o
 .init.setup    0x00000000c0021ec8       0x18 fs/built-in.o
 .init.setup    0x00000000c0021ee0        0xc block/built-in.o
 .init.setup    0x00000000c0021eec       0x3c drivers/built-in.o
 .init.setup    0x00000000c0021f28       0x54 net/built-in.o
                0x00000000c0021f7c                __setup_end = .
                0x00000000c0021f7c                __early_begin = .
 *(.early_param.init)
 .early_param.init
                0x00000000c0021f7c        0x8 arch/arm/kernel/built-in.o
 .early_param.init
                0x00000000c0021f84       0x30 arch/arm/mm/built-in.o
                0x00000000c0021fb4                __early_end = .
                0x00000000c0021fb4                __initcall_start = .
 *(.initcallearly.init)
 .initcallearly.init
                0x00000000c0021fb4        0x4 kernel/built-in.o
                0x00000000c0021fb8                __early_initcall_end = .
 *(.initcall0.init)
 .initcall0.init
                0x00000000c0021fb8        0x4 net/built-in.o
 *(.initcall0s.init)
 *(.initcall1.init)
 .initcall1.init
                0x00000000c0021fbc        0x4 arch/arm/kernel/built-in.o
 .initcall1.init
                0x00000000c0021fc0        0x8 arch/arm/mm/built-in.o
 .initcall1.init
                0x00000000c0021fc8       0x18 kernel/built-in.o
 .initcall1.init
                0x00000000c0021fe0       0x10 fs/built-in.o
 .initcall1.init
                0x00000000c0021ff0        0x4 lib/built-in.o
 .initcall1.init
                0x00000000c0021ff4        0x4 drivers/built-in.o
 .initcall1.init
                0x00000000c0021ff8        0x8 net/built-in.o
 *(.initcall1s.init)
 *(.initcall2.init)
 .initcall2.init
                0x00000000c0022000        0x4 mm/built-in.o
 .initcall2.init
                0x00000000c0022004        0x4 lib/lib.a(kobject_uevent.o)
 .initcall2.init
                0x00000000c0022008        0x8 drivers/built-in.o
 *(.initcall2s.init)
 *(.initcall3.init)
 .initcall3.init
                0x00000000c0022010        0x4 arch/arm/kernel/built-in.o
 *(.initcall3s.init)
 *(.initcall4.init)
 .initcall4.init
                0x00000000c0022014        0x4 arch/arm/kernel/built-in.o
 .initcall4.init
                0x00000000c0022018        0x8 kernel/built-in.o
 .initcall4.init
                0x00000000c0022020        0x4 mm/built-in.o
 .initcall4.init
                0x00000000c0022024        0x4 fs/built-in.o
 .initcall4.init
                0x00000000c0022028        0x4 crypto/built-in.o
 .initcall4.init
                0x00000000c002202c       0x10 block/built-in.o
 .initcall4.init
                0x00000000c002203c       0x20 drivers/built-in.o
 .initcall4.init
                0x00000000c002205c       0x18 net/built-in.o
 *(.initcall4s.init)
 *(.initcall5.init)
 .initcall5.init
                0x00000000c0022074        0x4 arch/arm/mm/built-in.o
 .initcall5.init
                0x00000000c0022078        0x4 kernel/built-in.o
 .initcall5.init
                0x00000000c002207c       0x10 fs/built-in.o
 .initcall5.init
                0x00000000c002208c        0x8 drivers/built-in.o
 .initcall5.init
                0x00000000c0022094        0xc net/built-in.o
 *(.initcall5s.init)
 *(.initcallrootfs.init)
 .initcallrootfs.init
                0x00000000c00220a0        0x4 init/built-in.o
 *(.initcall6.init)
 .initcall6.init
                0x00000000c00220a4        0x4 arch/arm/kernel/built-in.o
 .initcall6.init
                0x00000000c00220a8        0xc arch/arm/mach-goldfish/built-in.o
 .initcall6.init
                0x00000000c00220b4       0x44 kernel/built-in.o
 .initcall6.init
                0x00000000c00220f8       0x2c mm/built-in.o
 .initcall6.init
                0x00000000c0022124       0x78 fs/built-in.o
 .initcall6.init
                0x00000000c002219c        0x8 ipc/built-in.o
 .initcall6.init
                0x00000000c00221a4       0x40 crypto/built-in.o
 .initcall6.init
                0x00000000c00221e4       0x14 block/built-in.o
 .initcall6.init
                0x00000000c00221f8       0x10 lib/built-in.o
 .initcall6.init
                0x00000000c0022208       0x98 drivers/built-in.o
 .initcall6.init
                0x00000000c00222a0      0x1a0 net/built-in.o
 *(.initcall6s.init)
 *(.initcall7.init)
 .initcall7.init
                0x00000000c0022440        0x4 arch/arm/vfp/built-in.o
 .initcall7.init
                0x00000000c0022444       0x10 kernel/built-in.o
 .initcall7.init
                0x00000000c0022454        0x4 lib/built-in.o
 .initcall7.init
                0x00000000c0022458        0xc drivers/built-in.o
 .initcall7.init
                0x00000000c0022464        0x8 net/built-in.o
 *(.initcall7s.init)
                0x00000000c002246c                __initcall_end = .
                0x00000000c002246c                __con_initcall_start = .
 *(.con_initcall.init)
 .con_initcall.init
                0x00000000c002246c        0x4 drivers/built-in.o
                0x00000000c0022470                __con_initcall_end = .
                0x00000000c0022470                __security_initcall_start = .
 *(.security_initcall.init)
                0x00000000c0022470                __security_initcall_end = .
                0x00000000c0022480                . = ALIGN (0x20)
 *fill*         0x00000000c0022470       0x10 00
                0x00000000c0022480                __initramfs_start = .
 usr/built-in.o(.init.ramfs)
 .init.ramfs    0x00000000c0022480       0x86 usr/built-in.o
                0x00000000c0022506                __initramfs_end = .
                0x00000000c0023000                . = ALIGN (0x1000)
 *fill*         0x00000000c0022506      0xafa 00
                0x00000000c0023000                __per_cpu_start = .
 *(.data.percpu)
 *(.data.percpu.shared_aligned)
                0x00000000c0023000                __per_cpu_end = .
                0x00000000c0008000                __init_begin = _stext
 *(.init.data)
 .init.data     0x00000000c0023000      0xa55 init/built-in.o
                0x00000000c0023404                boot_command_line
                0x00000000c0023804                late_time_init
                0x00000000c002388c                rd_doload
                0x00000000c00238dc                rd_image_start
                0x00000000c00238e0                rd_prompt
 *fill*         0x00000000c0023a55        0x3 00
 .init.data     0x00000000c0023a58      0x854 arch/arm/kernel/built-in.o
                0x00000000c0023a58                init_arch_irq
                0x00000000c00242a8                __atags_pointer
 .init.data     0x00000000c00242ac       0xe0 arch/arm/mm/built-in.o
                0x00000000c0024360                v7_cache_fns
                0x00000000c0024384                v6_user_fns
 .init.data     0x00000000c002438c       0x10 arch/arm/mach-goldfish/built-in.o
 .init.data     0x00000000c002439c       0xd5 kernel/built-in.o
 *fill*         0x00000000c0024471        0x3 00
 .init.data     0x00000000c0024474      0x1b8 mm/built-in.o
                0x00000000c0024474                bootmem_node_data
                0x00000000c00244c4                initkmem_list3
 .init.data     0x00000000c002462c       0x38 fs/built-in.o
 .init.data     0x00000000c0024664        0xa block/built-in.o
 *fill*         0x00000000c002466e        0x2 00
 .init.data     0x00000000c0024670       0xc8 drivers/built-in.o
                0x00000000c00246d8                loopback_net_ops
 .init.data     0x00000000c0024738     0x1fc8 net/built-in.o
                0x00000000c0024748                net_core_path
                0x00000000c0024a28                ic_proto_enabled
                0x00000000c0024a2c                ic_set_manually
 *(.cpuinit.data)
 .cpuinit.data  0x00000000c0026700       0x34 kernel/built-in.o
 *(.cpuinit.rodata)
 *(.meminit.data)
 .meminit.data  0x00000000c0026734        0xc mm/built-in.o
                0x00000000c0026738                nr_kernel_pages
                0x00000000c002673c                nr_all_pages
 *(.meminit.rodata)
                0x00000000c0026740                __start___verbose_strings = .
 *(__verbose_strings)
                0x00000000c0026740                __stop___verbose_strings = .
                0x00000000c0026740                . = ALIGN (0x8)
                0x00000000c0026740                __start___verbose = .
 *(__verbose)
                0x00000000c0026740                __stop___verbose = .
                0x00000000c0027000                . = ALIGN (0x1000)
 *fill*         0x00000000c0026740      0x8c0 00
                0x00000000c0027000                __init_end = .

/DISCARD/
 *(.exit.text)
 *(.cpuexit.text)
 *(.memexit.text)
 *(.exit.data)
 *(.cpuexit.data)
 *(.cpuexit.rodata)
 *(.memexit.data)
 *(.memexit.rodata)
 *(.exitcall.exit)

.text           0x00000000c0027000   0x2fbb43
                0x00000000c0027000                _text = .
                0x00000000c0027000                __exception_text_start = .
 *(.exception.text)
 .exception.text
                0x00000000c0027000      0x180 arch/arm/kernel/built-in.o
                0x00000000c0027000                asm_do_IRQ
                0x00000000c0027064                do_undefinstr
 .exception.text
                0x00000000c0027180       0xb8 arch/arm/mm/built-in.o
                0x00000000c0027180                do_DataAbort
                0x00000000c002721c                do_PrefetchAbort
                0x00000000c0027238                __exception_text_end = .
                0x00000000c0027238                . = ALIGN (0x8)
 *(.text.hot)
 *(.text)
 .text          0x00000000c0027238        0x0 usr/built-in.o
 .text          0x00000000c0027238        0x0 arch/arm/kernel/head.o
 .text          0x00000000c0027238        0x0 arch/arm/kernel/init_task.o
 .text          0x00000000c0027238      0x3c0 init/built-in.o
                0x00000000c0027238                do_one_initcall
                0x00000000c00273c8                name_to_dev_t
 *fill*         0x00000000c00275f8        0x8 00
 .text          0x00000000c0027600     0x4914 arch/arm/kernel/built-in.o
                0x00000000c0027600                elf_check_arch
                0x00000000c0027698                arm_elf_read_implies_exec
                0x00000000c00276c8                elf_set_personality
                0x00000000c0027c20                ret_from_exception
                0x00000000c0027c30                __switch_to
                0x00000000c0027cd4                ret_to_user
                0x00000000c0027d00                ret_from_fork
                0x00000000c0027d40                vector_swi
                0x00000000c0027e04                sys_call_table
                0x00000000c0028448                pabort_ifar
                0x00000000c002844c                pabort_noifar
                0x00000000c0028460                show_interrupts
                0x00000000c00285c0                set_irq_flags
                0x00000000c0028650                disable_hlt
                0x00000000c0028674                enable_hlt
                0x00000000c0028698                kernel_thread
                0x00000000c0028710                dump_fpu
                0x00000000c0028754                arm_machine_restart
                0x00000000c0028924                cpu_idle
                0x00000000c0028984                machine_halt
                0x00000000c0028994                machine_power_off
                0x00000000c00289bc                machine_restart
                0x00000000c00289e0                __show_regs
                0x00000000c0028d7c                show_regs
                0x00000000c0028dcc                exit_thread
                0x00000000c0028ddc                flush_thread
                0x00000000c0028e34                release_thread
                0x00000000c0028e5c                copy_thread
                0x00000000c0028ed0                dump_task_regs
                0x00000000c0028f1c                get_wchan
                0x00000000c0029020                ptrace_set_bpt
                0x00000000c00294ac                ptrace_cancel_bpt
                0x00000000c00295b4                ptrace_disable
                0x00000000c00295d4                ptrace_break
                0x00000000c0029654                arch_ptrace
                0x00000000c0029abc                syscall_trace
                0x00000000c0029bb8                cpu_architecture
                0x00000000c0029e2c                cpu_init
                0x00000000c002a734                sys_sigsuspend
                0x00000000c002a7cc                sys_rt_sigsuspend
                0x00000000c002a8c8                sys_sigaction
                0x00000000c002a9f4                sys_sigreturn
                0x00000000c002aa90                sys_rt_sigreturn
                0x00000000c002ab50                do_notify_resume
                0x00000000c002ab94                kernel_execve
                0x00000000c002ac1c                do_mmap2
                0x00000000c002acdc                old_mmap
                0x00000000c002ae04                sys_arm_mremap
                0x00000000c002ae98                old_select
                0x00000000c002af18                sys_fork
                0x00000000c002af4c                sys_clone
                0x00000000c002af88                sys_vfork
                0x00000000c002afbc                sys_execve
                0x00000000c002b018                sys_arm_fadvise64_64
                0x00000000c002b040                walk_stackframe
                0x00000000c002b0a0                save_time_delta
                0x00000000c002b0d4                restore_time_delta
                0x00000000c002b114                __bug
                0x00000000c002b144                abort
                0x00000000c002b160                __readwrite_bug
                0x00000000c002b298                __bad_xchg
                0x00000000c002b2cc                __div0
                0x00000000c002b2ec                dump_backtrace_entry
                0x00000000c002b37c                show_stack
                0x00000000c002b3c0                die
                0x00000000c002b6d0                arm_notify_die
                0x00000000c002b724                register_undef_hook
                0x00000000c002b758                unregister_undef_hook
                0x00000000c002b794                do_unexp_fiq
                0x00000000c002b7bc                bad_mode
                0x00000000c002b810                arm_syscall
                0x00000000c002babc                baddataabort
                0x00000000c002bb14                __pte_error
                0x00000000c002bb44                __pmd_error
                0x00000000c002bb74                __pgd_error
                0x00000000c002bba4                module_alloc
                0x00000000c002bc04                module_free
                0x00000000c002bc1c                module_frob_arch_sections
                0x00000000c002bc30                apply_relocate
                0x00000000c002be50                apply_relocate_add
                0x00000000c002be78                module_finalize
                0x00000000c002be8c                module_arch_cleanup
                0x00000000c002be9c                _memcpy_fromio
                0x00000000c002bec4                _memcpy_toio
                0x00000000c002beec                _memset_io
 *fill*         0x00000000c002bf14        0xc 00
 .text          0x00000000c002bf20     0x3100 arch/arm/mm/built-in.o
                0x00000000c002bf50                dma_sync_sg_for_cpu
                0x00000000c002bf80                dma_unmap_sg
                0x00000000c002bfb0                dma_cache_maint
                0x00000000c002c094                dma_sync_sg_for_device
                0x00000000c002c108                dma_map_sg
                0x00000000c002c1d8                dma_free_coherent
                0x00000000c002c4d8                dma_mmap_writecombine
                0x00000000c002c504                dma_mmap_coherent
                0x00000000c002c8e0                dma_alloc_writecombine
                0x00000000c002c914                dma_alloc_coherent
                0x00000000c002c978                fixup_exception
                0x00000000c002c9bc                show_pte
                0x00000000c002cd14                do_bad_area
                0x00000000c002ce84                show_mem
                0x00000000c002cff8                free_initmem
                0x00000000c002d0d8                free_initrd_mem
                0x00000000c002d1c0                ioport_map
                0x00000000c002d1d0                ioport_unmap
                0x00000000c002d1e0                update_mmu_cache
                0x00000000c002d280                flush_cache_mm
                0x00000000c002d290                flush_cache_range
                0x00000000c002d2a0                flush_cache_page
                0x00000000c002d2b0                flush_ptrace_access
                0x00000000c002d2f8                __flush_dcache_page
                0x00000000c002d334                flush_dcache_page
                0x00000000c002d3d0                __flush_anon_page
                0x00000000c002d4a4                __check_kvm_seq
                0x00000000c002d600                __iounmap
                0x00000000c002d668                __arm_ioremap_pfn
                0x00000000c002d97c                __arm_ioremap
                0x00000000c002d9d4                arch_get_unmapped_area
                0x00000000c002db00                valid_phys_addr_range
                0x00000000c002db30                valid_mmap_phys_addr_range
                0x00000000c002db50                get_pgd_slow
                0x00000000c002dc30                free_pgd_slow
                0x00000000c002dcfc                adjust_cr
                0x00000000c002dd68                get_mem_type
                0x00000000c002dd8c                setup_mm_for_reboot
                0x00000000c002eb00                v7_early_abort
                0x00000000c002eb20                v7_flush_dcache_all
                0x00000000c002ebb4                v7_flush_kern_cache_all
                0x00000000c002ebcc                v7_flush_user_cache_range
                0x00000000c002ebcc                v7_flush_user_cache_all
                0x00000000c002ebd0                v7_coherent_user_range
                0x00000000c002ebd0                v7_coherent_kern_range
                0x00000000c002ec14                v7_flush_kern_dcache_page
                0x00000000c002ec40                v7_dma_inv_range
                0x00000000c002ec84                v7_dma_clean_range
                0x00000000c002ecb4                v7_dma_flush_range
                0x00000000c002edc4                __init_new_context
                0x00000000c002eddc                __new_context
                0x00000000c002ee7c                v7wbi_flush_user_tlb_range
                0x00000000c002eec8                v7wbi_flush_kern_tlb_range
                0x00000000c002ef20                cpu_v7_proc_init
                0x00000000c002ef24                cpu_v7_proc_fin
                0x00000000c002ef40                cpu_v7_reset
                0x00000000c002ef44                cpu_v7_do_idle
                0x00000000c002ef50                cpu_v7_dcache_clean_area
                0x00000000c002ef78                cpu_v7_switch_mm
                0x00000000c002efa0                cpu_v7_set_pte_ext
 .text          0x00000000c002f020      0x638 arch/arm/mach-goldfish/built-in.o
                0x00000000c002f408                sched_clock
                0x00000000c002f45c                goldfish_switch_work
                0x00000000c002f5c8                goldfish_mask_irq
                0x00000000c002f5e0                goldfish_unmask_irq
                0x00000000c002f5f8                goldfish_init_irq
 .text          0x00000000c002f658     0x4824 arch/arm/vfp/built-in.o
                0x00000000c002f7b4                vfp_raise_sigfpe
                0x00000000c002f964                VFP_bounce
                0x00000000c002fa38                vfp_sync_state
                0x00000000c002fa80                do_vfp
                0x00000000c002fa94                vfp_null_entry
                0x00000000c002fa9c                vfp_support_entry
                0x00000000c002fb7c                vfp_save_state
                0x00000000c002fbbc                vfp_get_float
                0x00000000c002fcc4                vfp_put_float
                0x00000000c002fdcc                vfp_get_double
                0x00000000c002fee0                vfp_put_double
                0x00000000c0030a80                __vfp_single_normaliseround
                0x00000000c00313f8                vfp_estimate_sqrt_significand
                0x00000000c00316d0                vfp_single_cpdo
                0x00000000c0032754                vfp_double_normaliseround
                0x00000000c0033d2c                vfp_double_cpdo
 .text          0x00000000c0033e7c    0x365d4 kernel/built-in.o
                0x00000000c00340c8                try_wait_for_completion
                0x00000000c00340f8                completion_done
                0x00000000c003411c                task_nice
                0x00000000c0036b2c                cond_resched_lock
                0x00000000c0036f74                sched_setscheduler
                0x00000000c0037144                default_wake_function
                0x00000000c003715c                wake_up_process
                0x00000000c0037178                set_user_nice
                0x00000000c0037298                runqueue_is_locked
                0x00000000c00372ac                task_rq_unlock_wait
                0x00000000c00372bc                sched_nr_latency_handler
                0x00000000c0037328                print_cfs_rq
                0x00000000c0037f60                print_rt_rq
                0x00000000c0038d9c                proc_sched_show_task
                0x00000000c0039c34                proc_sched_set_task
                0x00000000c0039cf0                task_curr
                0x00000000c0039d18                wake_up_state
                0x00000000c0039d30                sched_fork
                0x00000000c0039d7c                wake_up_new_task
                0x00000000c0039e6c                schedule_tail
                0x00000000c0039eb4                nr_running
                0x00000000c0039ed0                nr_uninterruptible
                0x00000000c0039ef0                nr_context_switches
                0x00000000c0039f10                nr_iowait
                0x00000000c0039f2c                nr_active
                0x00000000c0039f58                task_delta_exec
                0x00000000c0039fc0                task_sched_runtime
                0x00000000c003a034                thread_group_sched_runtime
                0x00000000c003a0bc                account_user_time
                0x00000000c003a13c                account_system_time
                0x00000000c003a270                account_steal_time
                0x00000000c003a29c                account_idle_time
                0x00000000c003a2dc                account_process_tick
                0x00000000c003a334                account_steal_ticks
                0x00000000c003a348                account_idle_ticks
                0x00000000c003a35c                task_utime
                0x00000000c003a3c8                task_stime
                0x00000000c003a414                task_gtime
                0x00000000c003a428                scheduler_tick
                0x00000000c003a4bc                __wake_up_common
                0x00000000c003a53c                complete_all
                0x00000000c003a580                complete
                0x00000000c003a5c4                __wake_up_sync
                0x00000000c003a604                __wake_up
                0x00000000c003a634                __wake_up_locked
                0x00000000c003a65c                rt_mutex_setprio
                0x00000000c003a79c                can_nice
                0x00000000c003a7d8                sys_nice
                0x00000000c003a87c                task_prio
                0x00000000c003a894                idle_cpu
                0x00000000c003a8c0                idle_task
                0x00000000c003a8dc                sched_setscheduler_nocheck
                0x00000000c003a8f4                sys_sched_setscheduler
                0x00000000c003a918                sys_sched_setparam
                0x00000000c003a934                sys_sched_getscheduler
                0x00000000c003a960                sys_sched_getparam
                0x00000000c003a9e8                sched_setaffinity
                0x00000000c003ab00                sys_sched_setaffinity
                0x00000000c003ab98                sched_getaffinity
                0x00000000c003abd8                sys_sched_getaffinity
                0x00000000c003ac54                sys_sched_yield
                0x00000000c003aca0                sys_sched_get_priority_max
                0x00000000c003ace0                sys_sched_get_priority_min
                0x00000000c003ad20                sys_sched_rr_get_interval
                0x00000000c003adf4                sched_show_task
                0x00000000c003aea0                show_state_filter
                0x00000000c003af1c                in_sched_functions
                0x00000000c003af58                normalize_rt_tasks
                0x00000000c003b07c                sched_create_group
                0x00000000c003b2d8                sched_destroy_group
                0x00000000c003b384                sched_move_task
                0x00000000c003b4a0                sched_group_set_shares
                0x00000000c003b618                sched_group_shares
                0x00000000c003b62c                sched_group_set_rt_runtime
                0x00000000c003b698                sched_group_rt_runtime
                0x00000000c003b728                sched_group_set_rt_period
                0x00000000c003b77c                sched_group_rt_period
                0x00000000c003b808                sched_rt_can_attach
                0x00000000c003b8c8                sched_rt_handler
                0x00000000c003ba4c                get_task_mm
                0x00000000c003bb8c                copy_fs_struct
                0x00000000c003bbbc                free_task
                0x00000000c003bbf8                __mmdrop
                0x00000000c003bd38                mmput
                0x00000000c003bdfc                nr_processes
                0x00000000c003be18                __put_task_struct
                0x00000000c003bf04                arch_dup_task_struct
                0x00000000c003bf20                mm_alloc
                0x00000000c003bf64                mm_release
                0x00000000c003bffc                dup_mm
                0x00000000c003c364                __cleanup_sighand
                0x00000000c003c3a4                __cleanup_signal
                0x00000000c003d0cc                sys_set_tid_address
                0x00000000c003d0fc                do_fork
                0x00000000c003d438                sys_unshare
                0x00000000c003d6d0                unshare_files
                0x00000000c003d734                register_exec_domain
                0x00000000c003d79c                unregister_exec_domain
                0x00000000c003d884                __set_personality
                0x00000000c003da2c                sys_personality
                0x00000000c003da98                test_taint
                0x00000000c003dbd0                add_taint
                0x00000000c003dbfc                warn_slowpath
                0x00000000c003dca0                print_tainted
                0x00000000c003dd4c                get_taint
                0x00000000c003dd68                oops_may_print
                0x00000000c003dd8c                oops_enter
                0x00000000c003ddb8                oops_exit
                0x00000000c003de6c                printk_ratelimit
                0x00000000c003de88                try_acquire_console_sem
                0x00000000c003dfe8                printk_timed_ratelimit
                0x00000000c003e040                acquire_console_sem
                0x00000000c003e160                early_printk
                0x00000000c003e178                log_buf_clear
                0x00000000c003e198                log_buf_copy
                0x00000000c003e248                do_syslog
                0x00000000c003e600                sys_syslog
                0x00000000c003e614                add_preferred_console
                0x00000000c003e628                update_console_cmdline
                0x00000000c003e6dc                is_console_locked
                0x00000000c003e6f8                printk_tick
                0x00000000c003e738                printk_needs_cpu
                0x00000000c003e754                wake_up_klogd
                0x00000000c003e788                release_console_sem
                0x00000000c003e91c                unregister_console
                0x00000000c003e9b8                console_start
                0x00000000c003e9e0                console_stop
                0x00000000c003ea08                resume_console
                0x00000000c003ea48                vprintk
                0x00000000c003ed0c                console_print
                0x00000000c003ed2c                suspend_console
                0x00000000c003ed78                register_console
                0x00000000c003f010                console_unblank
                0x00000000c003f094                console_device
                0x00000000c003f0f4                set_cpu_possible
                0x00000000c003f120                set_cpu_present
                0x00000000c003f14c                set_cpu_online
                0x00000000c003f178                set_cpu_active
                0x00000000c003f1a4                init_cpu_present
                0x00000000c003f1c4                init_cpu_possible
                0x00000000c003f1e4                init_cpu_online
                0x00000000c003f4b0                disallow_signal
                0x00000000c003f514                allow_signal
                0x00000000c003f5a0                release_task
                0x00000000c00403b4                session_of_pgrp
                0x00000000c00403f8                is_current_pgrp_orphaned
                0x00000000c0040428                __set_special_pids
                0x00000000c00404a8                get_files_struct
                0x00000000c00404d8                put_files_struct
                0x00000000c00405ac                reset_files_struct
                0x00000000c00405dc                exit_files
                0x00000000c0040608                put_fs_struct
                0x00000000c004065c                exit_fs
                0x00000000c0040688                do_exit
                0x00000000c0040ce0                complete_and_exit
                0x00000000c0040d04                daemonize
                0x00000000c0040f24                sys_exit
                0x00000000c0040f3c                do_group_exit
                0x00000000c0040ff0                sys_exit_group
                0x00000000c0041008                sys_waitid
                0x00000000c00410c8                sys_wait4
                0x00000000c0041198                do_getitimer
                0x00000000c0041328                sys_getitimer
                0x00000000c00413a0                it_real_fn
                0x00000000c00413c8                do_setitimer
                0x00000000c0041680                alarm_setitimer
                0x00000000c00416f8                sys_setitimer
                0x00000000c00417e8                jiffies_to_msecs
                0x00000000c0041800                jiffies_to_usecs
                0x00000000c0041818                timespec_trunc
                0x00000000c0041884                mktime
                0x00000000c004191c                set_normalized_timespec
                0x00000000c0041970                msecs_to_jiffies
                0x00000000c004199c                usecs_to_jiffies
                0x00000000c00419d4                timespec_to_jiffies
                0x00000000c0041a38                jiffies_to_timespec
                0x00000000c0041aac                timeval_to_jiffies
                0x00000000c0041b0c                jiffies_to_timeval
                0x00000000c0041b8c                jiffies_to_clock_t
                0x00000000c0041b9c                clock_t_to_jiffies
                0x00000000c0041bac                jiffies_64_to_clock_t
                0x00000000c0041bbc                get_jiffies_64
                0x00000000c0041bfc                current_fs_time
                0x00000000c0041c60                ns_to_timespec
                0x00000000c0041ccc                ns_to_timeval
                0x00000000c0041d0c                sys_gettimeofday
                0x00000000c0041dc8                do_sys_settimeofday
                0x00000000c0041ee0                sys_settimeofday
                0x00000000c0041fd0                sys_adjtimex
                0x00000000c0042080                nsec_to_clock_t
                0x00000000c00420d0                timespec_add_safe
                0x00000000c0042148                tasklet_init
                0x00000000c0042180                __tasklet_hi_schedule
                0x00000000c0042200                __tasklet_schedule
                0x00000000c0042280                tasklet_kill
                0x00000000c004230c                local_bh_disable
                0x00000000c0042334                _local_bh_enable
                0x00000000c004253c                __send_remote_softirq
                0x00000000c00425c4                send_remote_softirq
                0x00000000c00425ec                __do_softirq
                0x00000000c00426ec                do_softirq
                0x00000000c0042740                local_bh_enable_ip
                0x00000000c00427e8                local_bh_enable
                0x00000000c0042974                irq_enter
                0x00000000c00429d8                irq_exit
                0x00000000c0042a6c                raise_softirq_irqoff
                0x00000000c0042ad0                raise_softirq
                0x00000000c0042b40                open_softirq
                0x00000000c0042b60                arch_init_chip_data
                0x00000000c0042c00                request_resource
                0x00000000c0042c1c                release_resource
                0x00000000c0042c6c                allocate_resource
                0x00000000c0042e9c                adjust_resource
                0x00000000c00430bc                __release_region
                0x00000000c004316c                __request_region
                0x00000000c0043208                __devm_request_region
                0x00000000c0043298                __check_region
                0x00000000c004339c                __devm_release_region
                0x00000000c004340c                insert_resource
                0x00000000c0043428                insert_resource_expand_to_fit
                0x00000000c004349c                resource_alignment
                0x00000000c00434e8                iomem_map_sanity_check
                0x00000000c00435b4                iomem_is_exclusive
                0x00000000c00436d4                sysctl_jiffies
                0x00000000c00437b0                sysctl_data
                0x00000000c00438f0                sysctl_string
                0x00000000c0043a7c                sysctl_ms_jiffies
                0x00000000c0043b54                unregister_sysctl_table
                0x00000000c0043d74                sysctl_intvec
                0x00000000c0044358                proc_dointvec_ms_jiffies
                0x00000000c0044398                proc_dointvec_userhz_jiffies
                0x00000000c00443d8                proc_dointvec_jiffies
                0x00000000c0044418                proc_dointvec_minmax
                0x00000000c0044468                proc_dointvec
                0x00000000c0044894                proc_doulongvec_ms_jiffies_minmax
                0x00000000c00448e0                proc_doulongvec_minmax
                0x00000000c0044a00                proc_dostring
                0x00000000c0044cc8                sysctl_head_get
                0x00000000c0044ce4                sysctl_head_put
                0x00000000c0044d0c                sysctl_head_grab
                0x00000000c0044d4c                sysctl_head_finish
                0x00000000c0044d88                __sysctl_head_next
                0x00000000c0044e68                sysctl_head_next
                0x00000000c0044e94                register_sysctl_root
                0x00000000c0044ec4                sysctl_perm
                0x00000000c0044f50                do_sysctl
                0x00000000c0045138                sys_sysctl
                0x00000000c00452a4                __register_sysctl_paths
                0x00000000c004554c                register_sysctl_paths
                0x00000000c0045584                register_sysctl_table
                0x00000000c00455a4                sysctl_is_seen
                0x00000000c00455e4                setup_sysctl_set
                0x00000000c0045728                capable
                0x00000000c004579c                sys_capget
                0x00000000c00458e0                sys_capset
                0x00000000c0045b10                ptrace_fork
                0x00000000c0045b20                __ptrace_link
                0x00000000c0045b6c                __ptrace_unlink
                0x00000000c0045bfc                ptrace_check_attach
                0x00000000c0045c80                __ptrace_may_access
                0x00000000c0045d5c                ptrace_may_access
                0x00000000c0045d78                ptrace_attach
                0x00000000c0045e5c                ptrace_detach
                0x00000000c0045edc                ptrace_readdata
                0x00000000c0045fa4                ptrace_writedata
                0x00000000c0046080                ptrace_traceme
                0x00000000c00460f0                ptrace_get_task_struct
                0x00000000c004612c                sys_ptrace
                0x00000000c00461dc                generic_ptrace_peekdata
                0x00000000c0046224                generic_ptrace_pokedata
                0x00000000c0046264                ptrace_request
                0x00000000c004654c                __round_jiffies
                0x00000000c0046564                __round_jiffies_relative
                0x00000000c0046590                round_jiffies
                0x00000000c00465ac                round_jiffies_relative
                0x00000000c00465c4                __round_jiffies_up
                0x00000000c00465dc                __round_jiffies_up_relative
                0x00000000c0046608                round_jiffies_up
                0x00000000c0046624                round_jiffies_up_relative
                0x00000000c00466c4                init_timer
                0x00000000c00466ec                init_timer_deferrable
                0x00000000c0046718                del_timer
                0x00000000c004679c                __mod_timer
                0x00000000c0046864                msleep
                0x00000000c004688c                msleep_interruptible
                0x00000000c0046b24                mod_timer
                0x00000000c0046b74                add_timer_on
                0x00000000c0046bdc                get_next_timer_interrupt
                0x00000000c0046dec                run_local_timers
                0x00000000c0046e08                update_process_times
                0x00000000c0046e68                do_timer
                0x00000000c0046f34                sys_getpid
                0x00000000c0046f60                sys_getppid
                0x00000000c0046f90                sys_getuid
                0x00000000c0046fb8                sys_geteuid
                0x00000000c0046fe0                sys_getgid
                0x00000000c0047008                sys_getegid
                0x00000000c0047030                sys_gettid
                0x00000000c0047058                do_sysinfo
                0x00000000c0047204                sys_sysinfo
                0x00000000c00472c0                uids_sysfs_init
                0x00000000c00472d4                task_can_switch_user
                0x00000000c00472e8                find_user
                0x00000000c0047334                free_uid
                0x00000000c00473b0                alloc_uid
                0x00000000c004750c                block_all_signals
                0x00000000c004754c                __fatal_signal_pending
                0x00000000c0047b14                recalc_sigpending
                0x00000000c0047b6c                sigprocmask
                0x00000000c0047c60                unblock_all_signals
                0x00000000c0047ca0                next_signal
                0x00000000c0047e3c                dequeue_signal
                0x00000000c0047f88                flush_sigqueue
                0x00000000c0047fd0                flush_signals
                0x00000000c0048020                flush_itimer_signals
                0x00000000c0048060                ignore_signals
                0x00000000c0048098                flush_signal_handlers
                0x00000000c00480f8                unhandled_signal
                0x00000000c0048140                signal_wake_up
                0x00000000c0048590                send_sig_info
                0x00000000c00485c0                send_sig
                0x00000000c00485e4                recalc_sigpending_and_wake
                0x00000000c0048610                __group_send_sig_info
                0x00000000c00489c8                kill_pid_info_as_uid
                0x00000000c0048a8c                force_sig_info
                0x00000000c0048b44                force_sig
                0x00000000c0048b60                force_sig_specific
                0x00000000c0048b7c                zap_other_threads
                0x00000000c0048bd8                lock_task_sighand
                0x00000000c0048d04                group_send_sig_info
                0x00000000c0048d74                __kill_pgrp_info
                0x00000000c0048de0                kill_pgrp
                0x00000000c0048e08                kill_pid_info
                0x00000000c0048e54                kill_pid
                0x00000000c0048e7c                kill_proc_info
                0x00000000c0048eac                force_sigsegv
                0x00000000c0048ee8                sigqueue_alloc
                0x00000000c0048f24                sigqueue_free
                0x00000000c0048f80                send_sigqueue
                0x00000000c00490b8                do_notify_parent
                0x00000000c0049280                ptrace_notify
                0x00000000c0049314                get_signal_to_deliver
                0x00000000c0049604                exit_signals
                0x00000000c00496f8                sys_restart_syscall
                0x00000000c0049720                do_no_restart_syscall
                0x00000000c0049734                sys_rt_sigprocmask
                0x00000000c0049860                do_sigpending
                0x00000000c004991c                sys_rt_sigpending
                0x00000000c0049930                copy_siginfo_to_user
                0x00000000c0049b60                sys_rt_sigtimedwait
                0x00000000c0049da8                sys_kill
                0x00000000c0049ed4                sys_tgkill
                0x00000000c0049efc                sys_tkill
                0x00000000c0049f28                sys_rt_sigqueueinfo
                0x00000000c0049fc0                do_sigaction
                0x00000000c004a180                do_sigaltstack
                0x00000000c004a300                sys_sigpending
                0x00000000c004a318                sys_sigprocmask
                0x00000000c004a478                sys_rt_sigaction
                0x00000000c004a570                sys_pause
                0x00000000c004a5a4                arch_vma_name
                0x00000000c004a5cc                groups_free
                0x00000000c004a624                set_groups
                0x00000000c004a748                set_current_groups
                0x00000000c004a794                groups_alloc
                0x00000000c004a918                kernel_power_off
                0x00000000c004a97c                kernel_halt
                0x00000000c004a9c8                emergency_restart
                0x00000000c004aa9c                orderly_poweroff
                0x00000000c004ab64                sys_setpriority
                0x00000000c004ad3c                sys_getpriority
                0x00000000c004aed0                kernel_restart_prepare
                0x00000000c004af0c                kernel_restart
                0x00000000c004af6c                sys_reboot
                0x00000000c004b114                ctrl_alt_del
                0x00000000c004b15c                sys_setregid
                0x00000000c004b254                sys_setgid
                0x00000000c004b2e8                sys_setreuid
                0x00000000c004b41c                sys_setuid
                0x00000000c004b4e4                sys_setresuid
                0x00000000c004b630                sys_getresuid
                0x00000000c004b688                sys_setresgid
                0x00000000c004b798                sys_getresgid
                0x00000000c004b7f0                sys_setfsuid
                0x00000000c004b8ac                sys_setfsgid
                0x00000000c004b94c                do_sys_times
                0x00000000c004b9c8                sys_times
                0x00000000c004ba3c                sys_setpgid
                0x00000000c004bb94                sys_getpgid
                0x00000000c004bbf4                sys_getpgrp
                0x00000000c004bc0c                sys_getsid
                0x00000000c004bc6c                sys_setsid
                0x00000000c004bcf4                groups_search
                0x00000000c004bd60                in_egroup_p
                0x00000000c004bda4                in_group_p
                0x00000000c004bde8                sys_getgroups
                0x00000000c004bec0                sys_setgroups
                0x00000000c004c004                sys_newuname
                0x00000000c004c07c                sys_sethostname
                0x00000000c004c170                sys_gethostname
                0x00000000c004c20c                sys_setdomainname
                0x00000000c004c308                sys_getrlimit
                0x00000000c004c38c                sys_setrlimit
                0x00000000c004c4bc                getrusage
                0x00000000c004c70c                sys_getrusage
                0x00000000c004c754                sys_umask
                0x00000000c004c798                sys_prctl
                0x00000000c004c984                sys_getcpu
                0x00000000c004c9cc                call_usermodehelper_setcleanup
                0x00000000c004c9e0                call_usermodehelper_setkeys
                0x00000000c004c9fc                call_usermodehelper_stdinpipe
                0x00000000c004ca54                call_usermodehelper_setup
                0x00000000c004cc4c                call_usermodehelper_freeinfo
                0x00000000c004ccc8                call_usermodehelper_exec
                0x00000000c004cdd0                request_module
                0x00000000c004cf10                call_usermodehelper_pipe
                0x00000000c004cfe8                usermodehelper_disable
                0x00000000c004d0b0                usermodehelper_enable
                0x00000000c004d3ac                queue_delayed_work_on
                0x00000000c004d498                schedule_delayed_work_on
                0x00000000c004d5fc                destroy_workqueue
                0x00000000c004d668                __create_workqueue_key
                0x00000000c004d7a8                flush_workqueue
                0x00000000c004d7c0                flush_scheduled_work
                0x00000000c004d954                cancel_delayed_work_sync
                0x00000000c004d96c                cancel_work_sync
                0x00000000c004d984                flush_work
                0x00000000c004da90                queue_work_on
                0x00000000c004db08                schedule_work_on
                0x00000000c004db2c                queue_work
                0x00000000c004db50                schedule_work
                0x00000000c004db74                execute_in_process_context
                0x00000000c004dbd4                queue_delayed_work
                0x00000000c004dc0c                schedule_delayed_work
                0x00000000c004dc38                schedule_on_each_cpu
                0x00000000c004dca8                keventd_up
                0x00000000c004dccc                current_is_keventd
                0x00000000c004dd24                is_container_init
                0x00000000c004dd58                find_pid_ns
                0x00000000c004dde4                find_vpid
                0x00000000c004de10                pid_task
                0x00000000c004de44                find_task_by_pid_type_ns
                0x00000000c004de6c                find_task_by_vpid
                0x00000000c004dea0                find_task_by_pid_ns
                0x00000000c004dec4                find_get_pid
                0x00000000c004def4                task_active_pid_ns
                0x00000000c004df18                put_pid
                0x00000000c004dfcc                next_pidmap
                0x00000000c004e048                free_pid
                0x00000000c004e154                alloc_pid
                0x00000000c004e464                attach_pid
                0x00000000c004e4a8                detach_pid
                0x00000000c004e4c0                change_pid
                0x00000000c004e4f0                transfer_pid
                0x00000000c004e554                get_task_pid
                0x00000000c004e58c                get_pid_task
                0x00000000c004e5c0                pid_nr_ns
                0x00000000c004e608                task_session_nr_ns
                0x00000000c004e624                task_pgrp_nr_ns
                0x00000000c004e640                task_tgid_nr_ns
                0x00000000c004e65c                task_pid_nr_ns
                0x00000000c004e674                pid_vnr
                0x00000000c004e6a0                find_ge_pid
                0x00000000c004e6e4                synchronize_rcu
                0x00000000c004e830                rcu_barrier_sched
                0x00000000c004e848                rcu_barrier_bh
                0x00000000c004e860                rcu_barrier
                0x00000000c004e878                wakeme_after_rcu
                0x00000000c004e890                rcu_scheduler_starting
                0x00000000c004e8d0                search_exception_tables
                0x00000000c004e90c                core_kernel_text
                0x00000000c004e984                __kernel_text_address
                0x00000000c004e9bc                kernel_text_address
                0x00000000c004e9f4                func_ptr_is_kernel_text
                0x00000000c004ea2c                param_set_bool
                0x00000000c004eaac                param_set_invbool
                0x00000000c004eaf4                param_array_get
                0x00000000c004ec64                param_get_string
                0x00000000c004ee2c                param_get_invbool
                0x00000000c004ee5c                param_get_bool
                0x00000000c004ee8c                param_get_charp
                0x00000000c004eeb0                param_get_ulong
                0x00000000c004eed4                param_get_long
                0x00000000c004eef8                param_get_uint
                0x00000000c004ef1c                param_get_int
                0x00000000c004ef40                param_get_ushort
                0x00000000c004ef64                param_get_short
                0x00000000c004ef88                param_get_byte
                0x00000000c004efac                param_set_ulong
                0x00000000c004eff4                param_set_uint
                0x00000000c004f03c                param_set_ushort
                0x00000000c004f094                param_set_byte
                0x00000000c004f0ec                param_set_long
                0x00000000c004f134                param_set_int
                0x00000000c004f17c                param_set_short
                0x00000000c004f1d8                param_set_copystring
                0x00000000c004f250                param_set_charp
                0x00000000c004f2b4                param_array_set
                0x00000000c004f3bc                parse_args
                0x00000000c004f604                module_param_sysfs_setup
                0x00000000c004f6a8                module_param_sysfs_remove
                0x00000000c004f704                do_posix_clock_nosettime
                0x00000000c004f718                do_posix_clock_nonanosleep
                0x00000000c004f96c                posix_timer_event
                0x00000000c004fad8                register_posix_clock
                0x00000000c004fb38                do_schedule_next_timer
                0x00000000c004fc4c                sys_timer_create
                0x00000000c004ffb4                sys_timer_gettime
                0x00000000c0050070                sys_timer_getoverrun
                0x00000000c00500a8                sys_timer_settime
                0x00000000c00503a8                sys_timer_delete
                0x00000000c005048c                exit_itimers
                0x00000000c0050568                sys_clock_settime
                0x00000000c005065c                sys_clock_gettime
                0x00000000c0050740                sys_clock_getres
                0x00000000c0050818                sys_clock_nanosleep
                0x00000000c0050958                clock_nanosleep_restart
                0x00000000c00509a4                kthread_should_stop
                0x00000000c00509dc                kthread_bind
                0x00000000c0050aa0                kthread_stop
                0x00000000c0050b44                kthread_create
                0x00000000c0050bf8                kthreadd
                0x00000000c0050d20                init_waitqueue_head
                0x00000000c0050d38                add_wait_queue
                0x00000000c0050d78                add_wait_queue_exclusive
                0x00000000c0050db8                remove_wait_queue
                0x00000000c0050dfc                prepare_to_wait
                0x00000000c0050e58                prepare_to_wait_exclusive
                0x00000000c0050eb4                bit_waitqueue
                0x00000000c0050f14                __wake_up_bit
                0x00000000c0050f50                wake_up_bit
                0x00000000c0050f78                abort_exclusive_wait
                0x00000000c0050ffc                finish_wait
                0x00000000c0051064                autoremove_wake_function
                0x00000000c00510a0                wake_bit_function
                0x00000000c005110c                __kfifo_get
                0x00000000c0051188                __kfifo_put
                0x00000000c0051208                kfifo_free
                0x00000000c005122c                kfifo_init
                0x00000000c00512a8                kfifo_alloc
                0x00000000c0051338                compat_sys_mq_open
                0x00000000c0051338                sys_acct
                0x00000000c0051338                sys_mq_open
                0x00000000c0051338                sys_ni_syscall
                0x00000000c0051338                compat_sys_futex
                0x00000000c0051338                sys_mq_timedreceive
                0x00000000c0051338                sys_epoll_pwait
                0x00000000c0051338                sys_mq_notify
                0x00000000c0051338                compat_sys_recvmsg
                0x00000000c0051338                sys_mbind
                0x00000000c0051338                sys32_sysctl
                0x00000000c0051338                compat_sys_mq_notify
                0x00000000c0051338                sys_migrate_pages
                0x00000000c0051338                compat_sys_mq_timedreceive
                0x00000000c0051338                compat_sys_epoll_pwait
                0x00000000c0051338                compat_sys_set_robust_list
                0x00000000c0051338                compat_sys_setsockopt
                0x00000000c0051338                sys_pciconfig_iobase
                0x00000000c0051338                sys_pciconfig_read
                0x00000000c0051338                sys_keyctl
                0x00000000c0051338                compat_sys_ipc
                0x00000000c0051338                sys32_quotactl
                0x00000000c0051338                sys_quotactl
                0x00000000c0051338                ppc_rtas
                0x00000000c0051338                compat_sys_get_robust_list
                0x00000000c0051338                sys_spu_run
                0x00000000c0051338                compat_sys_signalfd
                0x00000000c0051338                sys_add_key
                0x00000000c0051338                sys_vm86old
                0x00000000c0051338                sys_mq_unlink
                0x00000000c0051338                sys_set_mempolicy
                0x00000000c0051338                compat_sys_move_pages
                0x00000000c0051338                sys_socketcall
                0x00000000c0051338                compat_sys_socketcall
                0x00000000c0051338                compat_sys_sysctl
                0x00000000c0051338                compat_sys_set_mempolicy
                0x00000000c0051338                sys_request_key
                0x00000000c0051338                compat_sys_timerfd_gettime
                0x00000000c0051338                compat_sys_mq_timedsend
                0x00000000c0051338                sys_kexec_load
                0x00000000c0051338                compat_sys_mbind
                0x00000000c0051338                sys_get_mempolicy
                0x00000000c0051338                sys32_ipc
                0x00000000c0051338                sys_move_pages
                0x00000000c0051338                compat_sys_keyctl
                0x00000000c0051338                sys_mq_getsetattr
                0x00000000c0051338                compat_sys_migrate_pages
                0x00000000c0051338                compat_sys_mq_getsetattr
                0x00000000c0051338                compat_sys_kexec_load
                0x00000000c0051338                compat_sys_signalfd4
                0x00000000c0051338                sys_delete_module
                0x00000000c0051338                sys_vm86
                0x00000000c0051338                sys_lookup_dcookie
                0x00000000c0051338                compat_sys_timerfd_settime
                0x00000000c0051338                compat_sys_getsockopt
                0x00000000c0051338                sys_mq_timedsend
                0x00000000c0051338                sys_pciconfig_write
                0x00000000c0051338                sys_subpage_prot
                0x00000000c0051338                compat_sys_sendmsg
                0x00000000c0051338                compat_sys_get_mempolicy
                0x00000000c0051338                sys_spu_create
                0x00000000c0051930                posix_cpu_clock_getres
                0x00000000c00519a4                posix_cpu_clock_set
                0x00000000c00519c0                thread_group_cputime
                0x00000000c0051af4                thread_group_cputimer
                0x00000000c0051c04                posix_cpu_clock_get
                0x00000000c0051d10                posix_cpu_timer_create
                0x00000000c0051e48                posix_cpu_timer_del
                0x00000000c0051efc                posix_cpu_timers_exit
                0x00000000c0051f30                posix_cpu_timers_exit_group
                0x00000000c0051f70                posix_cpu_timer_get
                0x00000000c005217c                posix_cpu_timer_schedule
                0x00000000c0052308                posix_cpu_timer_set
                0x00000000c00527c0                posix_cpu_nsleep_restart
                0x00000000c0052898                run_posix_cpu_timers
                0x00000000c0052fe8                set_process_cpu_timer
                0x00000000c00530d4                update_rlimit_cpu
                0x00000000c005313c                posix_cpu_nsleep
                0x00000000c0053268                __mutex_init
                0x00000000c0053298                hrtimer_get_remaining
                0x00000000c0053300                hrtimer_get_res
                0x00000000c0053338                ktime_sub_ns
                0x00000000c00533e4                ktime_add_ns
                0x00000000c00534b0                hrtimer_init
                0x00000000c005370c                hrtimer_try_to_cancel
                0x00000000c0053768                hrtimer_cancel
                0x00000000c005381c                ktime_get_ts
                0x00000000c0053880                ktime_get
                0x00000000c00538b8                ktime_get_real
                0x00000000c00539ec                ktime_divns
                0x00000000c0053a54                ktime_add_safe
                0x00000000c0053aec                hrtimer_forward
                0x00000000c0053c6c                hrtimer_start_range_ns
                0x00000000c0053e48                hrtimer_start
                0x00000000c0053e74                clock_was_set
                0x00000000c0053ea4                hres_timers_resume
                0x00000000c0053f0c                hrtimer_get_next_event
                0x00000000c0053fd8                hrtimer_interrupt
                0x00000000c00541c0                hrtimer_peek_ahead_timers
                0x00000000c005421c                hrtimer_run_pending
                0x00000000c00542c8                hrtimer_run_queues
                0x00000000c00543d8                hrtimer_init_sleeper
                0x00000000c00543f8                hrtimer_nanosleep
                0x00000000c0054524                sys_nanosleep
                0x00000000c00545d4                downgrade_write
                0x00000000c00545e8                up_write
                0x00000000c00545fc                up_read
                0x00000000c0054610                down_write_trylock
                0x00000000c0054624                down_read_trylock
                0x00000000c005477c                free_nsproxy
                0x00000000c00547d0                copy_namespaces
                0x00000000c005489c                unshare_nsproxy_namespaces
                0x00000000c0054914                switch_task_namespaces
                0x00000000c005495c                exit_task_namespaces
                0x00000000c0054974                srcu_read_lock
                0x00000000c00549a0                srcu_read_unlock
                0x00000000c00549c0                srcu_batches_completed
                0x00000000c00549d4                init_srcu_struct
                0x00000000c0054a28                synchronize_srcu
                0x00000000c0054a9c                cleanup_srcu_struct
                0x00000000c0054ae4                down_trylock
                0x00000000c0054b10                up
                0x00000000c0054b4c                down
                0x00000000c0054b80                down_interruptible
                0x00000000c0054bb8                down_timeout
                0x00000000c0054bf0                down_killable
                0x00000000c0054d18                atomic_notifier_chain_register
                0x00000000c0054d38                __atomic_notifier_call_chain
                0x00000000c0054d5c                atomic_notifier_call_chain
                0x00000000c0054d84                raw_notifier_chain_register
                0x00000000c0054d98                raw_notifier_chain_unregister
                0x00000000c0054dac                __raw_notifier_call_chain
                0x00000000c0054dd0                raw_notifier_call_chain
                0x00000000c0054df8                register_die_notifier
                0x00000000c0054e20                __srcu_notifier_call_chain
                0x00000000c0054e88                srcu_notifier_call_chain
                0x00000000c0054eb0                __blocking_notifier_call_chain
                0x00000000c0054f18                blocking_notifier_call_chain
                0x00000000c0054f40                blocking_notifier_chain_cond_register
                0x00000000c0054fa0                atomic_notifier_chain_unregister
                0x00000000c0054fcc                unregister_die_notifier
                0x00000000c0054fec                srcu_init_notifier_head
                0x00000000c0055038                srcu_notifier_chain_register
                0x00000000c0055098                srcu_notifier_chain_unregister
                0x00000000c0055100                blocking_notifier_chain_unregister
                0x00000000c0055160                unregister_reboot_notifier
                0x00000000c0055180                blocking_notifier_chain_register
                0x00000000c00551e0                register_reboot_notifier
                0x00000000c0055200                notify_die
                0x00000000c0055370                pm_qos_requirement
                0x00000000c0055390                pm_qos_remove_notifier
                0x00000000c00553b4                pm_qos_add_notifier
                0x00000000c005547c                pm_qos_remove_requirement
                0x00000000c005557c                pm_qos_update_requirement
                0x00000000c00556b8                pm_qos_add_requirement
                0x00000000c0055820                sched_clock_init
                0x00000000c0055840                sched_clock_cpu
                0x00000000c0055874                cpu_clock
                0x00000000c0055894                override_creds
                0x00000000c00558d8                set_security_override
                0x00000000c00558ec                set_security_override_from_ctx
                0x00000000c0055900                set_create_files_as
                0x00000000c0055924                prepare_creds
                0x00000000c0055a4c                __put_cred
                0x00000000c0055a88                revert_creds
                0x00000000c0055af4                prepare_kernel_cred
                0x00000000c0055be0                abort_creds
                0x00000000c0055c44                commit_creds
                0x00000000c0055ecc                prepare_exec_creds
                0x00000000c0055ef0                prepare_usermodehelper_creds
                0x00000000c0055f90                copy_creds
                0x00000000c0056478                async_synchronize_cookie_domain
                0x00000000c0056608                async_synchronize_cookie
                0x00000000c0056624                async_synchronize_full
                0x00000000c0056660                async_synchronize_full_domain
                0x00000000c005679c                async_schedule_domain
                0x00000000c00567b0                async_schedule
                0x00000000c00567cc                thaw_process
                0x00000000c005681c                refrigerator
                0x00000000c00568c8                freeze_task
                0x00000000c005697c                cancel_freezing
                0x00000000c0056a9c                get_seconds
                0x00000000c0056ab8                getrawmonotonic
                0x00000000c0056b90                current_kernel_time
                0x00000000c0056bd4                getnstimeofday
                0x00000000c0056cd0                do_gettimeofday
                0x00000000c0056d0c                update_xtime_cache
                0x00000000c0056d90                do_settimeofday
                0x00000000c0056e68                timekeeping_valid_for_hres
                0x00000000c0056ea8                read_persistent_clock
                0x00000000c0056ff0                update_wall_time
                0x00000000c00575d4                getboottime
                0x00000000c0057608                monotonic_to_bootbased
                0x00000000c0057830                ntp_clear
                0x00000000c005788c                second_overflow
                0x00000000c00579c8                do_adjtimex
                0x00000000c0058308                clocksource_register
                0x00000000c0058368                clocksource_resume
                0x00000000c00583c8                clocksource_touch_watchdog
                0x00000000c00583d8                clocksource_get_next
                0x00000000c005842c                clocksource_change_rating
                0x00000000c0058484                clocksource_unregister
                0x00000000c0059128                sysrq_timer_list_show
                0x00000000c0059144                clockevents_notify
                0x00000000c00591c0                clockevent_delta2ns
                0x00000000c0059254                clockevents_set_mode
                0x00000000c005928c                clockevents_shutdown
                0x00000000c00592b4                clockevents_program_event
                0x00000000c00593c4                clockevents_register_notifier
                0x00000000c00593e4                clockevents_register_device
                0x00000000c00594d8                clockevents_handle_noop
                0x00000000c00594e8                clockevents_exchange_device
                0x00000000c0059634                tick_handle_periodic
                0x00000000c005971c                tick_get_device
                0x00000000c0059734                tick_is_oneshot_available
                0x00000000c005975c                tick_setup_periodic
                0x00000000c0059a7c                tick_dev_program_event
                0x00000000c0059b58                tick_program_event
                0x00000000c0059b94                tick_resume_oneshot
                0x00000000c0059bd4                tick_setup_oneshot
                0x00000000c0059c1c                tick_switch_to_oneshot
                0x00000000c0059cbc                tick_init_highres
                0x00000000c005a160                get_cpu_idle_time_us
                0x00000000c005a210                tick_get_tick_sched
                0x00000000c005a228                tick_nohz_stop_sched_tick
                0x00000000c005a5bc                tick_nohz_get_sleep_length
                0x00000000c005a5dc                tick_nohz_restart_sched_tick
                0x00000000c005a784                tick_check_idle
                0x00000000c005a7f8                tick_setup_sched_timer
                0x00000000c005a94c                tick_cancel_sched_timer
                0x00000000c005a980                tick_clock_notify
                0x00000000c005a9b0                tick_oneshot_notify
                0x00000000c005a9e0                tick_check_oneshot_change
                0x00000000c005c008                exit_pi_state_list
                0x00000000c005c0c4                sys_set_robust_list
                0x00000000c005c10c                sys_get_robust_list
                0x00000000c005c1d0                handle_futex_death
                0x00000000c005c2ac                exit_robust_list
                0x00000000c005c3ac                do_futex
                0x00000000c005cb48                sys_futex
                0x00000000c005cc98                __rt_mutex_init
                0x00000000c005ccc4                rt_mutex_destroy
                0x00000000c005ccf4                rt_mutex_getprio
                0x00000000c005d17c                rt_mutex_timed_lock
                0x00000000c005d1a0                rt_mutex_adjust_pi
                0x00000000c005d214                rt_mutex_init_proxy_locked
                0x00000000c005d23c                rt_mutex_proxy_unlock
                0x00000000c005d264                rt_mutex_next_owner
                0x00000000c005d2a8                smp_call_function_single
                0x00000000c005d2f0                sys_chown16
                0x00000000c005d318                sys_lchown16
                0x00000000c005d340                sys_fchown16
                0x00000000c005d368                sys_setregid16
                0x00000000c005d390                sys_setgid16
                0x00000000c005d3b0                sys_setreuid16
                0x00000000c005d3d8                sys_setuid16
                0x00000000c005d3f8                sys_setresuid16
                0x00000000c005d428                sys_getresuid16
                0x00000000c005d4cc                sys_setresgid16
                0x00000000c005d4fc                sys_getresgid16
                0x00000000c005d5a0                sys_setfsuid16
                0x00000000c005d5c0                sys_setfsgid16
                0x00000000c005d5e0                sys_getgroups16
                0x00000000c005d690                sys_setgroups16
                0x00000000c005d79c                sys_getuid16
                0x00000000c005d7e0                sys_geteuid16
                0x00000000c005d824                sys_getgid16
                0x00000000c005d868                sys_getegid16
                0x00000000c005e040                __module_put_and_exit
                0x00000000c005e054                unregister_module_notifier
                0x00000000c005e074                register_module_notifier
                0x00000000c005e30c                __symbol_get
                0x00000000c005e368                module_add_modinfo_attrs
                0x00000000c005e410                module_remove_modinfo_attrs
                0x00000000c005e470                mod_sysfs_init
                0x00000000c005e544                mod_sysfs_setup
                0x00000000c005e5dc                arch_mod_section_prepend
                0x00000000c005f894                sys_init_module
                0x00000000c005fb3c                module_address_lookup
                0x00000000c005fc14                lookup_module_symbol_name
                0x00000000c005fcd8                lookup_module_symbol_attrs
                0x00000000c005fdc8                module_get_kallsym
                0x00000000c005fedc                module_kallsyms_lookup_name
                0x00000000c005ff74                search_module_extables
                0x00000000c005ffe0                is_module_address